Microsoft Windows [Version 10.0.22631.3527]
(c) Microsoft Corporation. All rights reserved.

C:\Users\psair>cd downloads

C:\Users\psair\Downloads>cd Assignment_3A\Assignment_3A

C:\Users\psair\Downloads\Assignment_3A\Assignment_3A>npm init -y
Wrote to C:\Users\psair\Downloads\Assignment_3A\Assignment_3A\package.json:

{
  "name": "assignment_3a",
  "version": "1.0.0",
  "description": "",
  "main": "server.js",
  "scripts": {
    "test": "echo \"Error: no test specified\" && exit 1",
    "start": "node server.js"
  },
  "keywords": [],
  "author": "",
  "license": "ISC"
}



C:\Users\psair\Downloads\Assignment_3A\Assignment_3A>npm install express

added 64 packages, and audited 65 packages in 7s

12 packages are looking for funding
  run `npm fund` for details

found 0 vulnerabilities

C:\Users\psair\Downloads\Assignment_3A\Assignment_3A>npm list express
assignment_3a@1.0.0 C:\Users\psair\Downloads\Assignment_3A\Assignment_3A
`-- express@4.19.2


C:\Users\psair\Downloads\Assignment_3A\Assignment_3A>node Server/server.js
node:internal/modules/cjs/loader:1147
  throw err;
  ^

Error: Cannot find module 'C:\Users\psair\Downloads\Assignment_3A\Assignment_3A\Server\server.js'
    at Module._resolveFilename (node:internal/modules/cjs/loader:1144:15)
    at Module._load (node:internal/modules/cjs/loader:985:27)
    at Function.executeUserEntryPoint [as runMain] (node:internal/modules/run_main:135:12)
    at node:internal/main/run_main_module:28:49 {
  code: 'MODULE_NOT_FOUND',
  requireStack: []
}

Node.js v20.11.1

C:\Users\psair\Downloads\Assignment_3A\Assignment_3A>node Server/server.js
node:internal/modules/cjs/loader:1147
  throw err;
  ^

Error: Cannot find module 'C:\Users\psair\Downloads\Assignment_3A\Assignment_3A\Server\server.js'
    at Module._resolveFilename (node:internal/modules/cjs/loader:1144:15)
    at Module._load (node:internal/modules/cjs/loader:985:27)
    at Function.executeUserEntryPoint [as runMain] (node:internal/modules/run_main:135:12)
    at node:internal/main/run_main_module:28:49 {
  code: 'MODULE_NOT_FOUND',
  requireStack: []
}

Node.js v20.11.1

C:\Users\psair\Downloads\Assignment_3A\Assignment_3A>node server.js
node:internal/modules/cjs/loader:1147
  throw err;
  ^

Error: Cannot find module 'dotenv'
Require stack:
- C:\Users\psair\Downloads\Assignment_3A\Assignment_3A\server.js
    at Module._resolveFilename (node:internal/modules/cjs/loader:1144:15)
    at Module._load (node:internal/modules/cjs/loader:985:27)
    at Module.require (node:internal/modules/cjs/loader:1235:19)
    at require (node:internal/modules/helpers:176:18)
    at Object.<anonymous> (C:\Users\psair\Downloads\Assignment_3A\Assignment_3A\server.js:5:1)
    at Module._compile (node:internal/modules/cjs/loader:1376:14)
    at Module._extensions..js (node:internal/modules/cjs/loader:1435:10)
    at Module.load (node:internal/modules/cjs/loader:1207:32)
    at Module._load (node:internal/modules/cjs/loader:1023:12)
    at Function.executeUserEntryPoint [as runMain] (node:internal/modules/run_main:135:12) {
  code: 'MODULE_NOT_FOUND',
  requireStack: [
    'C:\\Users\\psair\\Downloads\\Assignment_3A\\Assignment_3A\\server.js'
  ]
}

Node.js v20.11.1

C:\Users\psair\Downloads\Assignment_3A\Assignment_3A>node server.js
node:internal/modules/cjs/loader:1147
  throw err;
  ^

Error: Cannot find module 'dotenv'
Require stack:
- C:\Users\psair\Downloads\Assignment_3A\Assignment_3A\server.js
    at Module._resolveFilename (node:internal/modules/cjs/loader:1144:15)
    at Module._load (node:internal/modules/cjs/loader:985:27)
    at Module.require (node:internal/modules/cjs/loader:1235:19)
    at require (node:internal/modules/helpers:176:18)
    at Object.<anonymous> (C:\Users\psair\Downloads\Assignment_3A\Assignment_3A\server.js:5:1)
    at Module._compile (node:internal/modules/cjs/loader:1376:14)
    at Module._extensions..js (node:internal/modules/cjs/loader:1435:10)
    at Module.load (node:internal/modules/cjs/loader:1207:32)
    at Module._load (node:internal/modules/cjs/loader:1023:12)
    at Function.executeUserEntryPoint [as runMain] (node:internal/modules/run_main:135:12) {
  code: 'MODULE_NOT_FOUND',
  requireStack: [
    'C:\\Users\\psair\\Downloads\\Assignment_3A\\Assignment_3A\\server.js'
  ]
}

Node.js v20.11.1

C:\Users\psair\Downloads\Assignment_3A\Assignment_3A>install npm dotenv
'install' is not recognized as an internal or external command,
operable program or batch file.

C:\Users\psair\Downloads\Assignment_3A\Assignment_3A>npm install dotenv

added 1 package, and audited 66 packages in 4s

13 packages are looking for funding
  run `npm fund` for details

found 0 vulnerabilities

C:\Users\psair\Downloads\Assignment_3A\Assignment_3A>node server.js
Server is running on port 3000
